Location: GenPlots
From parameter file: C:\Users\SamDavis\Documents\GitHub\SortieRuns\XMLs\081315-BBBPIPO.xml
Basal area is normalized to m^2/ha; density to #/ha.
Subplots:
0 = Whole plot
Step	Subplot	Sdl Abs Den: ABCO	Sdl Abs Den: CADE	Sdl Abs Den: PILA	Sdl Abs Den: PIPO	Sdl Abs Den: QUCH	Sdl Abs Den: QUKE	Sdl Abs Den: PIJE	Sdl Abs Den: PIMO	Sdl Abs Den: ABMA	Sdl Den Total:	Sapl Abs BA: ABCO	Sapl Abs BA: CADE	Sapl Abs BA: PILA	Sapl Abs BA: PIPO	Sapl Abs BA: QUCH	Sapl Abs BA: QUKE	Sapl Abs BA: PIJE	Sapl Abs BA: PIMO	Sapl Abs BA: ABMA	Sapl BA Total:	Sapl Abs Den: ABCO	Sapl Abs Den: CADE	Sapl Abs Den: PILA	Sapl Abs Den: PIPO	Sapl Abs Den: QUCH	Sapl Abs Den: QUKE	Sapl Abs Den: PIJE	Sapl Abs Den: PIMO	Sapl Abs Den: ABMA	Sapl Den Total:	Adult Abs BA: ABCO	Adult Abs BA: CADE	Adult Abs BA: PILA	Adult Abs BA: PIPO	Adult Abs BA: QUCH	Adult Abs BA: QUKE	Adult Abs BA: PIJE	Adult Abs BA: PIMO	Adult Abs BA: ABMA	Adult BA Total:	Adult Abs Den: ABCO	Adult Abs Den: CADE	Adult Abs Den: PILA	Adult Abs Den: PIPO	Adult Abs Den: QUCH	Adult Abs Den: QUKE	Adult Abs Den: PIJE	Adult Abs Den: PIMO	Adult Abs Den: ABMA	Adult Den Total:	Natural Dead Sdl Abs Den: ABCO	Natural Dead Sdl Abs Den: CADE	Natural Dead Sdl Abs Den: PILA	Natural Dead Sdl Abs Den: PIPO	Natural Dead Sdl Abs Den: QUCH	Natural Dead Sdl Abs Den: QUKE	Natural Dead Sdl Abs Den: PIJE	Natural Dead Sdl Abs Den: PIMO	Natural Dead Sdl Abs Den: ABMA	Natural Dead Sdl Den Total:	Natural Dead Sapl Abs BA: ABCO	Natural Dead Sapl Abs BA: CADE	Natural Dead Sapl Abs BA: PILA	Natural Dead Sapl Abs BA: PIPO	Natural Dead Sapl Abs BA: QUCH	Natural Dead Sapl Abs BA: QUKE	Natural Dead Sapl Abs BA: PIJE	Natural Dead Sapl Abs BA: PIMO	Natural Dead Sapl Abs BA: ABMA	Natural Dead Sapl BA Total:	Natural Dead Sapl Abs Den: ABCO	Natural Dead Sapl Abs Den: CADE	Natural Dead Sapl Abs Den: PILA	Natural Dead Sapl Abs Den: PIPO	Natural Dead Sapl Abs Den: QUCH	Natural Dead Sapl Abs Den: QUKE	Natural Dead Sapl Abs Den: PIJE	Natural Dead Sapl Abs Den: PIMO	Natural Dead Sapl Abs Den: ABMA	Natural Dead Sapl Den Total:	Natural Dead Adult Abs BA: ABCO	Natural Dead Adult Abs BA: CADE	Natural Dead Adult Abs BA: PILA	Natural Dead Adult Abs BA: PIPO	Natural Dead Adult Abs BA: QUCH	Natural Dead Adult Abs BA: QUKE	Natural Dead Adult Abs BA: PIJE	Natural Dead Adult Abs BA: PIMO	Natural Dead Adult Abs BA: ABMA	Natural Dead Adult BA Total:	Natural Dead Adult Abs Den: ABCO	Natural Dead Adult Abs Den: CADE	Natural Dead Adult Abs Den: PILA	Natural Dead Adult Abs Den: PIPO	Natural Dead Adult Abs Den: QUCH	Natural Dead Adult Abs Den: QUKE	Natural Dead Adult Abs Den: PIJE	Natural Dead Adult Abs Den: PIMO	Natural Dead Adult Abs Den: ABMA	Natural Dead Adult Den Total:
0	0	0	0	0	0	0	0	0	0	0	0	1.22862	3.0397	0.969442	0.226125	0.000457173	0.321654	0	0	0	5.786	110.889	386.222	59.4444	13.4444	2.88889	27.6667	0	0	0	600.556	8.04485	22.2969	0.490197	16.5553	0.102839	15.0666	0	0	0	62.5568	46.1111	308.778	3.55556	32.5556	4.11111	277.333	0	0	0	672.444	0	0	0	0	0	0	0	0	0	0	0	0	0	0	0	0	0	0	0	0	0	0	0	0	0	0	0	0	0	0	0	0	0	0	0	0	0	0	0	0	0	0	0	0	0	0	0	0	0	0
1	0	17.7778	41.2222	0.111111	1.11111	0.333333	9.11111	0	0	0	69.6667	1.22662	3.0286	0.976038	0.219769	0.000519558	0.30382	0	0	0	5.75537	109.222	378.889	57.7778	12.7778	2.88889	26.3333	0	0	0	587.889	7.91488	22.4151	0.496118	16.3555	0.102996	15.0938	0	0	0	62.3783	45.4444	309	3.55556	31.5556	4	275.778	0	0	0	669.333	0	0	0	0	0	0	0	0	0	0	0.0215422	0.0260166	0.0150269	0.0116863	0	0	0	0	0	0.0742719	1.55556	4	1.66667	0.666667	0	0	0	0	0	7.88889	0.191377	0.185709	0	0.290305	0.00134983	0.146308	0	0	0	0.815049	0.777778	3.11111	0	1	0.111111	2.88889	0	0	0	7.88889
1	1	17.7778	41.2222	0.111111	1.11111	0.333333	9.11111	0	0	0	69.6667	1.22662	3.0286	0.976038	0.219769	0.000519558	0.30382	0	0	0	5.75537	109.222	378.889	57.7778	12.7778	2.88889	26.3333	0	0	0	587.889	7.91488	22.4151	0.496118	16.3555	0.102996	15.0938	0	0	0	62.3783	45.4444	309	3.55556	31.5556	4	275.778	0	0	0	669.333	0	0	0	0	0	0	0	0	0	0	0.0215422	0.0260166	0.0150269	0.0116863	0	0	0	0	0	0.0742719	1.55556	4	1.66667	0.666667	0	0	0	0	0	7.88889	0.191377	0.185709	0	0.290305	0.00134983	0.146308	0	0	0	0.815049	0.777778	3.11111	0	1	0.111111	2.88889	0	0	0	7.88889
